src/app/dashboard/sleep/page.tsx(734,17): error TS2322: Type 'Dayjs | null' is not assignable to type 'Dayjs | undefined'.
  Type 'null' is not assignable to type 'Dayjs | undefined'.
src/app/dashboard/walks/page.tsx(721,17): error TS2322: Type 'Dayjs | null' is not assignable to type 'Dayjs | undefined'.
  Type 'null' is not assignable to type 'Dayjs | undefined'.
